[0m15:33:23.321774 [debug] [MainThread]: Sending event: {'category': 'dbt', 'action': 'invocation', 'label': 'start', 'context': [<snowplow_tracker.self_describing_json.SelfDescribingJson object at 0x104f27590>, <snowplow_tracker.self_describing_json.SelfDescribingJson object at 0x106c27470>, <snowplow_tracker.self_describing_json.SelfDescribingJson object at 0x106c271a0>]}


============================== 15:33:23.342604 | 4bd4d453-8203-46ef-bb37-a2fbd875fc9c ==============================
[0m15:33:23.342604 [info ] [MainThread]: Running with dbt=1.11.2
[0m15:33:23.342934 [debug] [MainThread]: running dbt with arguments {'printer_width': '80', 'empty': 'None', 'warn_error_options': 'WarnErrorOptionsV2(error=[], warn=[], silence=[])', 'cache_selected_only': 'False', 'invocation_command': 'dbt init netflix_aws_dbt', 'no_print': 'None', 'indirect_selection': 'eager', 'send_anonymous_usage_stats': 'True', 'use_colors': 'True', 'quiet': 'False', 'warn_error': 'None', 'fail_fast': 'False', 'static_parser': 'True', 'log_cache_events': 'False', 'write_json': 'True', 'use_experimental_parser': 'False', 'target_path': 'None', 'introspect': 'True', 'version_check': 'True', 'profiles_dir': '/Users/sachindewangan/.dbt', 'partial_parse': 'True', 'log_format': 'default', 'log_path': 'logs', 'debug': 'False'}
[0m15:33:23.385257 [debug] [MainThread]: Starter project path: /Users/sachindewangan/Desktop/Netflix/.venv/lib/python3.12/site-packages/dbt/include/starter_project
[0m15:33:23.390732 [info ] [MainThread]: 
Your new dbt project "netflix_aws_dbt" was created!

For more information on how to configure the profiles.yml file,
please consult the dbt documentation here:

  https://docs.getdbt.com/docs/configure-your-profile

One more thing:

Need help? Don't hesitate to reach out to us via GitHub issues or on Slack:

  https://community.getdbt.com/

Happy modeling!

[0m15:33:23.390961 [info ] [MainThread]: Setting up your profile.
[0m15:33:29.356853 [debug] [MainThread]: Snowflake adapter: Setting snowflake.connector to ERROR (file logging only)
[0m15:33:29.357169 [debug] [MainThread]: Snowflake adapter: Setting botocore to ERROR (file logging only)
[0m15:33:29.357382 [debug] [MainThread]: Snowflake adapter: Setting boto3 to ERROR (file logging only)
[0m15:34:54.069854 [error] [MainThread]: Encountered an error:

[0m15:34:54.085267 [error] [MainThread]: Traceback (most recent call last):
  File "/Users/sachindewangan/Desktop/Netflix/.venv/lib/python3.12/site-packages/dbt/cli/requires.py", line 182, in wrapper
    result, success = func(*args, **kwargs)
                      ^^^^^^^^^^^^^^^^^^^^^
  File "/Users/sachindewangan/Desktop/Netflix/.venv/lib/python3.12/site-packages/dbt/cli/requires.py", line 128, in wrapper
    return func(*args, **kwargs)
           ^^^^^^^^^^^^^^^^^^^^^
  File "/Users/sachindewangan/Desktop/Netflix/.venv/lib/python3.12/site-packages/dbt/cli/main.py", line 483, in init
    results = task.run()
              ^^^^^^^^^^
  File "/Users/sachindewangan/Desktop/Netflix/.venv/lib/python3.12/site-packages/dbt/task/init.py", line 346, in run
    self.setup_profile(profile_name)
  File "/Users/sachindewangan/Desktop/Netflix/.venv/lib/python3.12/site-packages/dbt/task/init.py", line 262, in setup_profile
    self.create_profile_from_target(adapter, profile_name=profile_name)
  File "/Users/sachindewangan/Desktop/Netflix/.venv/lib/python3.12/site-packages/dbt/task/init.py", line 179, in create_profile_from_target
    self.create_profile_from_profile_template(profile_template, profile_name)
  File "/Users/sachindewangan/Desktop/Netflix/.venv/lib/python3.12/site-packages/dbt/task/init.py", line 163, in create_profile_from_profile_template
    target = self.generate_target_from_input(prompts, initial_target)
             ^^^^^^^^^^^^^^^^^^^^^^^^^^^^^^^^^^^^^^^^^^^^^^^^^^^^^^^^
  File "/Users/sachindewangan/Desktop/Netflix/.venv/lib/python3.12/site-packages/dbt/task/init.py", line 113, in generate_target_from_input
    numeric_choice = click.prompt(prompt_msg, type=click.INT)
                     ^^^^^^^^^^^^^^^^^^^^^^^^^^^^^^^^^^^^^^^^
  File "/Users/sachindewangan/Desktop/Netflix/.venv/lib/python3.12/site-packages/click/termui.py", line 171, in prompt
    value = prompt_func(prompt)
            ^^^^^^^^^^^^^^^^^^^
  File "/Users/sachindewangan/Desktop/Netflix/.venv/lib/python3.12/site-packages/click/termui.py", line 154, in prompt_func
    raise Abort() from None
click.exceptions.Abort

[0m15:34:54.272552 [debug] [MainThread]: Resource report: {"command_name": "init", "command_success": false, "command_wall_clock_time": 90.994415, "process_in_blocks": "0", "process_kernel_time": 0.51416, "process_mem_max_rss": "152043520", "process_out_blocks": "0", "process_user_time": 2.03244}
[0m15:34:54.292860 [debug] [MainThread]: Command `dbt init` failed at 15:34:54.292451 after 91.02 seconds
[0m15:34:54.294833 [debug] [MainThread]: Sending event: {'category': 'dbt', 'action': 'invocation', 'label': 'end', 'context': [<snowplow_tracker.self_describing_json.SelfDescribingJson object at 0x106c274d0>, <snowplow_tracker.self_describing_json.SelfDescribingJson object at 0x106ee2000>, <snowplow_tracker.self_describing_json.SelfDescribingJson object at 0x106eb1bb0>]}
[0m15:34:54.295707 [debug] [MainThread]: Flushing usage events
[0m15:34:54.564406 [debug] [MainThread]: An error was encountered while trying to flush usage events
